Script started on Tue 11 Nov 2014 08:47:50 PM PST
~
hchu007@hammer $ ls
assn3 (1).asm  assn4.asm  [0m[01;34mDocuments[0m/  ex1.asm  ex3.asm  fork.cpp        [01;32mIntVector.cpp~[0m*  [01;34mlab4cs100[0m/  ls.cpp     [01;34mMusic[0m/     [01;34mPublic[0m/  [01;34mrshell-1[0m/  [01;34mTemplates[0m/  Timer.h     [01;34mVideos[0m/
assn3.asm      [01;34mDesktop[0m/   [01;34mDownloads[0m/  ex2.asm  ex4.asm  [01;32mIntVector.cpp[0m*  lab3ex1.asm      [01;31mlab5.tgz[0m    [01;32mmain.cpp[0m*  [01;34mPictures[0m/  [01;34mrshell[0m/  temp.cpp   test.cpp    [01;34mucr-cs100[0m/
[m~
hchu007@hammer $ cd rshell
~/rshell
hchu007@hammer $ g[Kbin/ls
LICENSE   Makefile   README.md   [94msrc[0m/   [94mtests[0m/   [94mbin[0m/   ls.script   ~/rshell
hchu007@hammer $ #test indi[K[K[K[Kflags
~/rshell
hchu007@hammer $ #test flags[5Pbin/ls -a
[94m[100m.[0m/   [94m[100m..[0m/   [94m[100m.git[0m/   LICENSE   Makefile   README.md   [94msrc[0m/   [94mtests[0m/   [94mbin[0m/   ls.script   ~/rshell
hchu007@hammer $ bin/ls -a[Kl
Total: 24
-rw------- 1 hchu007 csmajs 90               Nov 11 19:50 LICENSE   
-rw------- 1 hchu007 csmajs 556               Nov 11 19:50 Makefile   
-rw------- 1 hchu007 csmajs 3032               Nov 11 20:42 README.md   
drwx------ 2 hchu007 csmajs 4096               Nov 11 19:58 [94m[100msrc[0m/   
drwx------ 2 hchu007 csmajs 4096               Nov 11 19:50 [94m[100mtests[0m/   
drwx------ 2 hchu007 csmajs 4096               Nov 11 19:58 [94m[100mbin[0m/   
-rw------- 1 hchu007 csmajs 0               Nov 11 20:46 ls.script   
~/rshell
hchu007@hammer $ bin/ls -l[KR
.:
LICENSE   Makefile   README.md   [94msrc[0m/   

./src:
Timer.h   cp.cpp   ls.cpp   main.cpp   [94mtests[0m/   

./tests:
exec.script   [94mbin[0m/   

./bin:
[92mrshell[0m*   [92mcp[0m*   [92mls[0m*   ls.script   ~/rshell
hchu007@hammer $ bin/ls -R[Kal
Total: 44
drwx------ 6 hchu007 csmajs 4096               Nov 11 20:46 [94m[100m.[0m/   
drwx------ 46 hchu007 csmajs 12288               Nov 11 19:58 [94m[100m..[0m/   
drwx------ 8 hchu007 csmajs 4096               Nov 11 20:42 [94m[100m.git[0m/   
-rw------- 1 hchu007 csmajs 90               Nov 11 19:50 LICENSE   
-rw------- 1 hchu007 csmajs 556               Nov 11 19:50 Makefile   
-rw------- 1 hchu007 csmajs 3032               Nov 11 20:42 README.md   
drwx------ 2 hchu007 csmajs 4096               Nov 11 19:58 [94m[100msrc[0m/   
drwx------ 2 hchu007 csmajs 4096               Nov 11 19:50 [94m[100mtests[0m/   
drwx------ 2 hchu007 csmajs 4096               Nov 11 19:58 [94m[100mbin[0m/   
-rw------- 1 hchu007 csmajs 0               Nov 11 20:46 ls.script   
~/rshell
hchu007@hammer $ bin/ls -al[KR
.:
[94m[100m.[0m*   [94m[100m..[0m*   [94m[100m.git[0m*   LICENSE   Makefile   README.md   [94msrc[0m*   

./src:
[94m[100m.[0m*   [94m[100m..[0m*   Timer.h   cp.cpp   ls.cpp   main.cpp   [94mtests[0m*   

./tests:
[94m[100m.[0m*   [94m[100m..[0m*   exec.script   [94mbin[0m*   

./bin:
[94m[100m.[0m*   [94m[100m..[0m*   [92mrshell[0m*   [92mcp[0m*   [92mls[0m*   ls.script   ~/rshell
hchu007@hammer $ bin/ls -aR[K[Klr
opendir: No such file or directory
~/rshell
hchu007@hammer $ bin/ls -lr[KR
.:
Total: 24
-rw------- 1 hchu007 csmajs 90               Nov 11 19:50 LICENSE   
-rw------- 1 hchu007 csmajs 556               Nov 11 19:50 Makefile   
-rw------- 1 hchu007 csmajs 3032               Nov 11 20:42 README.md   
drwx------ 2 hchu007 csmajs 4096               Nov 11 19:58 [94m[100msrc[0m/   


./src:
Total: 28
-rw------- 1 hchu007 csmajs 2701               Nov 11 19:50 Timer.h   
-rw------- 1 hchu007 csmajs 2085               Nov 11 19:50 cp.cpp   
-rw------- 1 hchu007 csmajs 12047               Nov 11 19:58 ls.cpp   
-rw------- 1 hchu007 csmajs 5441               Nov 11 19:50 main.cpp   
drwx------ 2 hchu007 csmajs 4096               Nov 11 19:50 [94m[100mtests[0m/   


./tests:
Total: 8
-rw------- 1 hchu007 csmajs 5654               Nov 11 19:50 exec.script   
drwx------ 2 hchu007 csmajs 4096               Nov 11 19:58 [94m[100mbin[0m/   


./bin:
Total: 120
-rwx------ 1 hchu007 csmajs 48268               Nov 11 19:58 [92m[100mrshell[0m*   
-rwx------ 1 hchu007 csmajs 15579               Nov 11 19:58 [92m[100mcp[0m*   
-rwx------ 1 hchu007 csmajs 54520               Nov 11 19:58 [92m[100mls[0m*   
-rw------- 1 hchu007 csmajs 0               Nov 11 20:46 ls.script   
~/rshell
hchu007@hammer $ bin -l          -a
bash: bin: command not found
~/rshell
hchu007@hammer $ bin -l          -a[C[C[C[4h/[4l[4hl[4l[4hs[4l
Total: 44
drwx------ 6 hchu007 csmajs 4096               Nov 11 20:46 [94m[100m.[0m/   
drwx------ 46 hchu007 csmajs 12288               Nov 11 19:58 [94m[100m..[0m/   
drwx------ 8 hchu007 csmajs 4096               Nov 11 20:42 [94m[100m.git[0m/   
-rw------- 1 hchu007 csmajs 90               Nov 11 19:50 LICENSE   
-rw------- 1 hchu007 csmajs 556               Nov 11 19:50 Makefile   
-rw------- 1 hchu007 csmajs 3032               Nov 11 20:42 README.md   
drwx------ 2 hchu007 csmajs 4096               Nov 11 19:58 [94m[100msrc[0m/   
drwx------ 2 hchu007 csmajs 4096               Nov 11 19:50 [94m[100mtests[0m/   
drwx------ 2 hchu007 csmajs 4096               Nov 11 19:58 [94m[100mbin[0m/   
-rw------- 1 hchu007 csmajs 0               Nov 11 20:46 ls.script   
~/rshell
hchu007@hammer $ bin/ls -l          -a[C[4h [4l[C[4h [4l[C[4h [4l[C[4h [4l[C[4h [4l[C[4h [4l[C[4h [4l[C[4h [4l[C[4h [4l
Total: 44
drwx------ 6 hchu007 csmajs 4096               Nov 11 20:46 [94m[100m.[0m/   
drwx------ 46 hchu007 csmajs 12288               Nov 11 19:58 [94m[100m..[0m/   
drwx------ 8 hchu007 csmajs 4096               Nov 11 20:42 [94m[100m.git[0m/   
-rw------- 1 hchu007 csmajs 90               Nov 11 19:50 LICENSE   
-rw------- 1 hchu007 csmajs 556               Nov 11 19:50 Makefile   
-rw------- 1 hchu007 csmajs 3032               Nov 11 20:42 README.md   
drwx------ 2 hchu007 csmajs 4096               Nov 11 19:58 [94m[100msrc[0m/   
drwx------ 2 hchu007 csmajs 4096               Nov 11 19:50 [94m[100mtests[0m/   
drwx------ 2 hchu007 csmajs 4096               Nov 11 19:58 [94m[100mbin[0m/   
-rw------- 1 hchu007 csmajs 0               Nov 11 20:46 ls.script   
~/rshell
hchu007@hammer $ bin ls -alR[1P[4h/[4l
.:
Total: 44
drwx------ 6 hchu007 csmajs 4096               Nov 11 20:46 [94m[100m.[0m/   
drwx------ 46 hchu007 csmajs 12288               Nov 11 19:58 [94m[100m..[0m/   
drwx------ 8 hchu007 csmajs 4096               Nov 11 20:42 [94m[100m.git[0m/   
-rw------- 1 hchu007 csmajs 90               Nov 11 19:50 LICENSE   
-rw------- 1 hchu007 csmajs 556               Nov 11 19:50 Makefile   
-rw------- 1 hchu007 csmajs 3032               Nov 11 20:42 README.md   
drwx------ 2 hchu007 csmajs 4096               Nov 11 19:58 [94m[100msrc[0m/   


./src:
Total: 36
drwx------ 2 hchu007 csmajs 4096               Nov 11 19:58 [94m[100m.[0m/   
drwx------ 6 hchu007 csmajs 4096               Nov 11 20:46 [94m[100m..[0m/   
-rw------- 1 hchu007 csmajs 2701               Nov 11 19:50 Timer.h   
-rw------- 1 hchu007 csmajs 2085               Nov 11 19:50 cp.cpp   
-rw------- 1 hchu007 csmajs 12047               Nov 11 19:58 ls.cpp   
-rw------- 1 hchu007 csmajs 5441               Nov 11 19:50 main.cpp   
drwx------ 2 hchu007 csmajs 4096               Nov 11 19:50 [94m[100mtests[0m/   


./tests:
Total: 16
drwx------ 2 hchu007 csmajs 4096               Nov 11 19:50 [94m[100m.[0m/   
drwx------ 6 hchu007 csmajs 4096               Nov 11 20:46 [94m[100m..[0m/   
-rw------- 1 hchu007 csmajs 5654               Nov 11 19:50 exec.script   
drwx------ 2 hchu007 csmajs 4096               Nov 11 19:58 [94m[100mbin[0m/   


./bin:
Total: 128
drwx------ 2 hchu007 csmajs 4096               Nov 11 19:58 [94m[100m.[0m/   
drwx------ 6 hchu007 csmajs 4096               Nov 11 20:46 [94m[100m..[0m/   
-rwx------ 1 hchu007 csmajs 48268               Nov 11 19:58 [92m[100mrshell[0m*   
-rwx------ 1 hchu007 csmajs 15579               Nov 11 19:58 [92m[100mcp[0m*   
-rwx------ 1 hchu007 csmajs 54520               Nov 11 19:58 [92m[100mls[0m*   
-rw------- 1 hchu007 csmajs 0               Nov 11 20:46 ls.script   
~/rshell
hchu007@hammer $ bin/ls THISFILEDOESNOTEXIST
opendir: No such file or directory
~/rshell
hchu007@hammer $ ls[K[Kbin/ls
LICENSE   Makefile   README.md   [94msrc[0m/   [94mtests[0m/   [94mbin[0m/   ls.script   ~/rshell
hchu007@hammer $ bin/ls ls.script
opendir: Not a directory
~/rshell
hchu007@hammer $ bin/ls ls.script[K[K[K[K[K[K[K[K[Ksrc
Timer.h   cp.cpp   ls.cpp   main.cpp   ~/rshell
hchu007@hammer $ #tes[K[K[KTEST WITH FOLDER IS [K[K[KAS PARAMETER
~/rshell
hchu007@hammer $ #TEST WITH FOLDER AS PARAMETER[C[C[C[C[C[C[C[C[C[C[C[C[C[C[C[C[C[20Pbin/ls src -a
[94m[100m.[0m/   [94m[100m..[0m/   Timer.h   cp.cpp   ls.cpp   main.cpp   ~/rshell
hchu007@hammer $ bin/ls src -a[Kl
Total: 28
-rw------- 1 hchu007 csmajs 2701               Nov 11 19:50 Timer.h   
-rw------- 1 hchu007 csmajs 2085               Nov 11 19:50 cp.cpp   
-rw------- 1 hchu007 csmajs 12047               Nov 11 19:58 ls.cpp   
-rw------- 1 hchu007 csmajs 5441               Nov 11 19:50 main.cpp   
~/rshell
hchu007@hammer $ bin/ls src -l[KR
src:
Timer.h   cp.cpp   ls.cpp   main.cpp   ~/rshell
hchu007@hammer $ bin/ls src -R[Kal
Total: 36
drwx------ 2 hchu007 csmajs 4096               Nov 11 19:58 [94m.[0m/   
drwx------ 6 hchu007 csmajs 4096               Nov 11 20:46 [94m..[0m/   
-rw------- 1 hchu007 csmajs 2701               Nov 11 19:50 Timer.h   
-rw------- 1 hchu007 csmajs 2085               Nov 11 19:50 cp.cpp   
-rw------- 1 hchu007 csmajs 12047               Nov 11 19:58 ls.cpp   
-rw------- 1 hchu007 csmajs 5441               Nov 11 19:50 main.cpp   
~/rshell
hchu007@hammer $ bin/ls src -al[KR
src:
[94m[100m.[0m*   [94m[100m..[0m*   Timer.h   cp.cpp   ls.cpp   main.cpp   ~/rshell
hchu007@hammer $ bin/ls src -aR[K[Klr[KR
src:
Total: 28
-rw------- 1 hchu007 csmajs 2701               Nov 11 19:50 Timer.h   
-rw------- 1 hchu007 csmajs 2085               Nov 11 19:50 cp.cpp   
-rw------- 1 hchu007 csmajs 12047               Nov 11 19:58 ls.cpp   
-rw------- 1 hchu007 csmajs 5441               Nov 11 19:50 main.cpp   
~/rshell
hchu007@hammer $ bin/ls src -lR[K[KalR
src:
Total: 36
drwx------ 2 hchu007 csmajs 4096               Nov 11 19:58 [94m.[0m/   
drwx------ 6 hchu007 csmajs 4096               Nov 11 20:46 [94m..[0m/   
-rw------- 1 hchu007 csmajs 2701               Nov 11 19:50 Timer.h   
-rw------- 1 hchu007 csmajs 2085               Nov 11 19:50 cp.cpp   
-rw------- 1 hchu007 csmajs 12047               Nov 11 19:58 ls.cpp   
-rw------- 1 hchu007 csmajs 5441               Nov 11 19:50 main.cpp   
~/rshell
hchu007@hammer $ #tes[K[K[KTEST PATHS
~/rshell
hchu007@hammer $ bin/ls ..
[94mDesktop[0m/   [94mDownloads[0m/   [94mTemplates[0m/   [94mPublic[0m/   [94mDocuments[0m/   [94mMusic[0m/   [94mPictures[0m/   [94mVideos[0m/   [92mmain.cpp[0m*   assn4.asm   [92mIntVector.cpp~[0m*   [92mIntVector.cpp[0m*   [94mrshell[0m/   temp.cpp   fork.cpp   test.cpp   lab3ex1.asm   assn3.asm   assn3 (1).asm   [94mucr-cs100[0m/   [94mrshell-1[0m/   Timer.h   ex2.asm   ex3.asm   ex4.asm   ex1.asm   lab5.tgz   [94mlab4cs100[0m/   ls.cpp   ~/rshell
hchu007@hammer $ bin/ls ../..
opendir: Permission denied
~/rshell
hchu007@hammer $ bin/ls ../..[K[K.
[94mDesktop[0m/   [94mDownloads[0m/   [94mTemplates[0m/   [94mPublic[0m/   [94mDocuments[0m/   [94mMusic[0m/   [94mPictures[0m/   [94mVideos[0m/   [92mmain.cpp[0m*   assn4.asm   [92mIntVector.cpp~[0m*   [92mIntVector.cpp[0m*   [94mrshell[0m/   temp.cpp   fork.cpp   test.cpp   lab3ex1.asm   assn3.asm   assn3 (1).asm   [94mucr-cs100[0m/   [94mrshell-1[0m/   Timer.h   ex2.asm   ex3.asm   ex4.asm   ex1.asm   lab5.tgz   [94mlab4cs100[0m/   ls.cpp   ~/rshell
hchu007@hammer $ bin/ls ../.[K[K[K[K~
[94mDesktop[0m/   [94mDownloads[0m/   [94mTemplates[0m/   [94mPublic[0m/   [94mDocuments[0m/   [94mMusic[0m/   [94mPictures[0m/   [94mVideos[0m/   [92mmain.cpp[0m*   assn4.asm   [92mIntVector.cpp~[0m*   [92mIntVector.cpp[0m*   [94mrshell[0m/   temp.cpp   fork.cpp   test.cpp   lab3ex1.asm   assn3.asm   assn3 (1).asm   [94mucr-cs100[0m/   [94mrshell-1[0m/   Timer.h   ex2.asm   ex3.asm   ex4.asm   ex1.asm   lab5.tgz   [94mlab4cs100[0m/   ls.cpp   ~/rshell
hchu007@hammer $ bin/ls ~[K../Timer.h
opendir: Not a directory
~/rshell
hchu007@hammer $ bin/ls ../Timer.h[K[K[K[K[K[K[Klab4cs100
main.c   myCString.h   [92ma.out[0m*   ~/rshell
hchu007@hammer $ bin/ls ../lab4cs100[K[K[K[K[K[K[K[K[K[K[K[K-asdsssd[K[K[K[K[Ksssss[K[K[K[K[K[K[KFLAG??!
opendir: No such file or directory
~/rshell
hchu007@hammer $ bin/ls -FLAG??![K[K[K[K[K[K[K[K..
[94mDesktop[0m/   [94mDownloads[0m/   [94mTemplates[0m/   [94mPublic[0m/   [94mDocuments[0m/   [94mMusic[0m/   [94mPictures[0m/   [94mVideos[0m/   [92mmain.cpp[0m*   assn4.asm   [92mIntVector.cpp~[0m*   [92mIntVector.cpp[0m*   [94mrshell[0m/   temp.cpp   fork.cpp   test.cpp   lab3ex1.asm   assn3.asm   assn3 (1).asm   [94mucr-cs100[0m/   [94mrshell-1[0m/   Timer.h   ex2.asm   ex3.asm   ex4.asm   ex1.asm   lab5.tgz   [94mlab4cs100[0m/   ls.cpp   ~/rshell
hchu007@hammer $ bin/ls .. -dfkgjdlfg
opendir: No such file or directory
[94mDesktop[0m/   [94mDownloads[0m/   [94mTemplates[0m/   [94mPublic[0m/   [94mDocuments[0m/   [94mMusic[0m/   [94mPictures[0m/   [94mVideos[0m/   [92mmain.cpp[0m*   assn4.asm   [92mIntVector.cpp~[0m*   [92mIntVector.cpp[0m*   [94mrshell[0m/   temp.cpp   fork.cpp   test.cpp   lab3ex1.asm   assn3.asm   assn3 (1).asm   [94mucr-cs100[0m/   [94mrshell-1[0m/   Timer.h   ex2.asm   ex3.asm   ex4.asm   ex1.asm   lab5.tgz   [94mlab4cs100[0m/   ls.cpp   ~/rshell
hchu007@hammer $ bin/ls -
opendir: No such file or directory
~/rshell
hchu007@hammer $ valgrind --leak-check=yes bin/ls -alR
==39442== Memcheck, a memory error detector
==39442== Copyright (C) 2002-2012, and GNU GPL'd, by Julian Seward et al.
==39442== Using Valgrind-3.8.1 and LibVEX; rerun with -h for copyright info
==39442== Command: bin/ls -alR
==39442== 
.:
Total: 44
drwx------ 6 hchu007 csmajs 4096               Nov 11 20:46 [94m[100m.[0m/   
drwx------ 46 hchu007 csmajs 12288               Nov 11 19:58 [94m[100m..[0m/   
drwx------ 8 hchu007 csmajs 4096               Nov 11 20:42 [94m[100m.git[0m/   
-rw------- 1 hchu007 csmajs 90               Nov 11 19:50 LICENSE   
-rw------- 1 hchu007 csmajs 556               Nov 11 19:50 Makefile   
-rw------- 1 hchu007 csmajs 3032               Nov 11 20:42 README.md   
drwx------ 2 hchu007 csmajs 4096               Nov 11 19:58 [94m[100msrc[0m/   


./src:
Total: 36
drwx------ 2 hchu007 csmajs 4096               Nov 11 19:58 [94m[100m.[0m/   
drwx------ 6 hchu007 csmajs 4096               Nov 11 20:46 [94m[100m..[0m/   
-rw------- 1 hchu007 csmajs 2701               Nov 11 19:50 Timer.h   
-rw------- 1 hchu007 csmajs 2085               Nov 11 19:50 cp.cpp   
-rw------- 1 hchu007 csmajs 12047               Nov 11 19:58 ls.cpp   
-rw------- 1 hchu007 csmajs 5441               Nov 11 19:50 main.cpp   
drwx------ 2 hchu007 csmajs 4096               Nov 11 19:50 [94m[100mtests[0m/   


./tests:
Total: 16
drwx------ 2 hchu007 csmajs 4096               Nov 11 19:50 [94m[100m.[0m/   
drwx------ 6 hchu007 csmajs 4096               Nov 11 20:46 [94m[100m..[0m/   
-rw------- 1 hchu007 csmajs 5654               Nov 11 19:50 exec.script   
drwx------ 2 hchu007 csmajs 4096               Nov 11 19:58 [94m[100mbin[0m/   


./bin:
Total: 128
drwx------ 2 hchu007 csmajs 4096               Nov 11 19:58 [94m[100m.[0m/   
drwx------ 6 hchu007 csmajs 4096               Nov 11 20:46 [94m[100m..[0m/   
-rwx------ 1 hchu007 csmajs 48268               Nov 11 19:58 [92m[100mrshell[0m*   
-rwx------ 1 hchu007 csmajs 15579               Nov 11 19:58 [92m[100mcp[0m*   
-rwx------ 1 hchu007 csmajs 54520               Nov 11 19:58 [92m[100mls[0m*   
-rw------- 1 hchu007 csmajs 0               Nov 11 20:46 ls.script   
==39442== 
==39442== HEAP SUMMARY:
==39442==     in use at exit: 393,792 bytes in 12 blocks
==39442==   total heap usage: 90 allocs, 78 frees, 530,500 bytes allocated
==39442== 
==39442== 32,816 bytes in 1 blocks are definitely lost in loss record 1 of 6
==39442==    at 0x4A06A2E: malloc (vg_replace_malloc.c:270)
==39442==    by 0x30508A8620: __alloc_dir (in /lib64/libc-2.12.so)
==39442==    by 0x401D30: recursion(char*, int) (in /home/csmajs/hchu007/rshell/bin/ls)
==39442==    by 0x401A5E: main (in /home/csmajs/hchu007/rshell/bin/ls)
==39442== 
==39442== 32,816 bytes in 1 blocks are definitely lost in loss record 2 of 6
==39442==    at 0x4A06A2E: malloc (vg_replace_malloc.c:270)
==39442==    by 0x30508A8620: __alloc_dir (in /lib64/libc-2.12.so)
==39442==    by 0x402E1C: findszlk(char*, bool) (in /home/csmajs/hchu007/rshell/bin/ls)
==39442==    by 0x401DA6: recursion(char*, int) (in /home/csmajs/hchu007/rshell/bin/ls)
==39442==    by 0x401A5E: main (in /home/csmajs/hchu007/rshell/bin/ls)
==39442== 
==39442== 32,816 bytes in 1 blocks are definitely lost in loss record 3 of 6
==39442==    at 0x4A06A2E: malloc (vg_replace_malloc.c:270)
==39442==    by 0x30508A8620: __alloc_dir (in /lib64/libc-2.12.so)
==39442==    by 0x402E1C: findszlk(char*, bool) (in /home/csmajs/hchu007/rshell/bin/ls)
==39442==    by 0x401DBD: recursion(char*, int) (in /home/csmajs/hchu007/rshell/bin/ls)
==39442==    by 0x401A5E: main (in /home/csmajs/hchu007/rshell/bin/ls)
==39442== 
==39442== 98,448 bytes in 3 blocks are definitely lost in loss record 4 of 6
==39442==    at 0x4A06A2E: malloc (vg_replace_malloc.c:270)
==39442==    by 0x30508A8620: __alloc_dir (in /lib64/libc-2.12.so)
==39442==    by 0x401D30: recursion(char*, int) (in /home/csmajs/hchu007/rshell/bin/ls)
==39442==    by 0x40229A: recursion(char*, int) (in /home/csmajs/hchu007/rshell/bin/ls)
==39442==    by 0x401A5E: main (in /home/csmajs/hchu007/rshell/bin/ls)
==39442== 
==39442== 98,448 bytes in 3 blocks are definitely lost in loss record 5 of 6
==39442==    at 0x4A06A2E: malloc (vg_replace_malloc.c:270)
==39442==    by 0x30508A8620: __alloc_dir (in /lib64/libc-2.12.so)
==39442==    by 0x402E1C: findszlk(char*, bool) (in /home/csmajs/hchu007/rshell/bin/ls)
==39442==    by 0x401DA6: recursion(char*, int) (in /home/csmajs/hchu007/rshell/bin/ls)
==39442==    by 0x40229A: recursion(char*, int) (in /home/csmajs/hchu007/rshell/bin/ls)
==39442==    by 0x401A5E: main (in /home/csmajs/hchu007/rshell/bin/ls)
==39442== 
==39442== 98,448 bytes in 3 blocks are definitely lost in loss record 6 of 6
==39442==    at 0x4A06A2E: malloc (vg_replace_malloc.c:270)
==39442==    by 0x30508A8620: __alloc_dir (in /lib64/libc-2.12.so)
==39442==    by 0x402E1C: findszlk(char*, bool) (in /home/csmajs/hchu007/rshell/bin/ls)
==39442==    by 0x401DBD: recursion(char*, int) (in /home/csmajs/hchu007/rshell/bin/ls)
==39442==    by 0x40229A: recursion(char*, int) (in /home/csmajs/hchu007/rshell/bin/ls)
==39442==    by 0x401A5E: main (in /home/csmajs/hchu007/rshell/bin/ls)
==39442== 
==39442== LEAK SUMMARY:
==39442==    definitely lost: 393,792 bytes in 12 blocks
==39442==    indirectly lost: 0 bytes in 0 blocks
==39442==      possibly lost: 0 bytes in 0 blocks
==39442==    still reachable: 0 bytes in 0 blocks
==39442==         suppressed: 0 bytes in 0 blocks
==39442== 
==39442== For counts of detected and suppressed errors, rerun with: -v
==39442== ERROR SUMMARY: 6 errors from 6 contexts (suppressed: 6 from 6)
~/rshell
hchu007@hammer $ #END TEST
~/rshell
hchu007@hammer $ exit
exit

Script done on Tue 11 Nov 2014 08:55:52 PM PST
